20:09:03 **** Incremental Build of configuration Debug for project STM32F4-Romi-V0.1 ****
make -j8 all 
arm-none-eabi-gcc "../App/Scr/app_main.c" -mcpu=cortex-m4 -std=gnu11 -g3 -DSTM32F405xx -DUSE_HAL_DRIVER -DDEBUG -c -I../Drivers/CMSIS/Include -I../Drivers/STM32F4xx_HAL_Driver/Inc -I../Core/Inc -I../Drivers/CMSIS/Device/ST/STM32F4xx/Include -I../App/Inc -I../Drivers/STM32F4xx_HAL_Driver/Inc/Legacy -O0 -ffunction-sections -fdata-sections -Wall -fstack-usage -MMD -MP -MF"App/Scr/app_main.d" -MT"App/Scr/app_main.o" --specs=nano.specs -mfpu=fpv4-sp-d16 -mfloat-abi=hard -mthumb -o "App/Scr/app_main.o"
In file included from ../Drivers/CMSIS/Device/ST/STM32F4xx/Include/stm32f4xx.h:129:0,
                 from ../Drivers/STM32F4xx_HAL_Driver/Inc/stm32f4xx_hal_def.h:30,
                 from ../Drivers/STM32F4xx_HAL_Driver/Inc/stm32f4xx_hal_rcc.h:29,
                 from ../Core/Inc/stm32f4xx_hal_conf.h:272,
                 from ../Drivers/STM32F4xx_HAL_Driver/Inc/stm32f4xx_hal.h:30,
                 from ../Core/Inc/main.h:31,
                 from ../App/Scr/app_main.c:29:
../Drivers/CMSIS/Device/ST/STM32F4xx/Include/stm32f405xx.h:1002:29: warning: initialization makes integer from pointer without a cast [-Wint-conversion]
 #define GPIOB               ((GPIO_TypeDef *) GPIOB_BASE)
                             ^
../Core/Inc/main.h:85:25: note: in expansion of macro 'GPIOB'
 #define TRIGL_GPIO_Port GPIOB
                         ^~~~~
../App/Scr/app_main.c:69:33: note: in expansion of macro 'TRIGL_GPIO_Port'
 SONAR_STATUS SONARS[] ={{"Left",TRIGL_GPIO_Port,TRIGL_Pin,ECHOL_GPIO_Port,ECHOL_Pin,0,0.0},
                                 ^~~~~~~~~~~~~~~
../Drivers/CMSIS/Device/ST/STM32F4xx/Include/stm32f405xx.h:1002:29: note: (near initialization for 'SONARS[0].trig_port')
 #define GPIOB               ((GPIO_TypeDef *) GPIOB_BASE)
                             ^
../Core/Inc/main.h:85:25: note: in expansion of macro 'GPIOB'
 #define TRIGL_GPIO_Port GPIOB
                         ^~~~~
../App/Scr/app_main.c:69:33: note: in expansion of macro 'TRIGL_GPIO_Port'
 SONAR_STATUS SONARS[] ={{"Left",TRIGL_GPIO_Port,TRIGL_Pin,ECHOL_GPIO_Port,ECHOL_Pin,0,0.0},
                                 ^~~~~~~~~~~~~~~
../Drivers/CMSIS/Device/ST/STM32F4xx/Include/stm32f405xx.h:1002:29: warning: initialization makes integer from pointer without a cast [-Wint-conversion]
 #define GPIOB               ((GPIO_TypeDef *) GPIOB_BASE)
                             ^
../Core/Inc/main.h:87:25: note: in expansion of macro 'GPIOB'
 #define ECHOL_GPIO_Port GPIOB
                         ^~~~~
../App/Scr/app_main.c:69:59: note: in expansion of macro 'ECHOL_GPIO_Port'
 SONAR_STATUS SONARS[] ={{"Left",TRIGL_GPIO_Port,TRIGL_Pin,ECHOL_GPIO_Port,ECHOL_Pin,0,0.0},
                                                           ^~~~~~~~~~~~~~~
../Drivers/CMSIS/Device/ST/STM32F4xx/Include/stm32f405xx.h:1002:29: note: (near initialization for 'SONARS[0].echo_port')
 #define GPIOB               ((GPIO_TypeDef *) GPIOB_BASE)
                             ^
../Core/Inc/main.h:87:25: note: in expansion of macro 'GPIOB'
 #define ECHOL_GPIO_Port GPIOB
                         ^~~~~
../App/Scr/app_main.c:69:59: note: in expansion of macro 'ECHOL_GPIO_Port'
 SONAR_STATUS SONARS[] ={{"Left",TRIGL_GPIO_Port,TRIGL_Pin,ECHOL_GPIO_Port,ECHOL_Pin,0,0.0},
                                                           ^~~~~~~~~~~~~~~
../Drivers/CMSIS/Device/ST/STM32F4xx/Include/stm32f405xx.h:1001:29: warning: initialization makes integer from pointer without a cast [-Wint-conversion]
 #define GPIOA               ((GPIO_TypeDef *) GPIOA_BASE)
                             ^
../Core/Inc/main.h:113:25: note: in expansion of macro 'GPIOA'
 #define TRIGR_GPIO_Port GPIOA
                         ^~~~~
../App/Scr/app_main.c:70:16: note: in expansion of macro 'TRIGR_GPIO_Port'
       {"Right",TRIGR_GPIO_Port,TRIGR_Pin,ECHOR_GPIO_Port,ECHOR_Pin,0,0.0},
                ^~~~~~~~~~~~~~~
../Drivers/CMSIS/Device/ST/STM32F4xx/Include/stm32f405xx.h:1001:29: note: (near initialization for 'SONARS[1].trig_port')
 #define GPIOA               ((GPIO_TypeDef *) GPIOA_BASE)
                             ^
../Core/Inc/main.h:113:25: note: in expansion of macro 'GPIOA'
 #define TRIGR_GPIO_Port GPIOA
                         ^~~~~
../App/Scr/app_main.c:70:16: note: in expansion of macro 'TRIGR_GPIO_Port'
       {"Right",TRIGR_GPIO_Port,TRIGR_Pin,ECHOR_GPIO_Port,ECHOR_Pin,0,0.0},
                ^~~~~~~~~~~~~~~
../Drivers/CMSIS/Device/ST/STM32F4xx/Include/stm32f405xx.h:1001:29: warning: initialization makes integer from pointer without a cast [-Wint-conversion]
 #define GPIOA               ((GPIO_TypeDef *) GPIOA_BASE)
                             ^
../Core/Inc/main.h:110:25: note: in expansion of macro 'GPIOA'
 #define ECHOR_GPIO_Port GPIOA
                         ^~~~~
../App/Scr/app_main.c:70:42: note: in expansion of macro 'ECHOR_GPIO_Port'
       {"Right",TRIGR_GPIO_Port,TRIGR_Pin,ECHOR_GPIO_Port,ECHOR_Pin,0,0.0},
                                          ^~~~~~~~~~~~~~~
../Drivers/CMSIS/Device/ST/STM32F4xx/Include/stm32f405xx.h:1001:29: note: (near initialization for 'SONARS[1].echo_port')
 #define GPIOA               ((GPIO_TypeDef *) GPIOA_BASE)
                             ^
../Core/Inc/main.h:110:25: note: in expansion of macro 'GPIOA'
 #define ECHOR_GPIO_Port GPIOA
                         ^~~~~
../App/Scr/app_main.c:70:42: note: in expansion of macro 'ECHOR_GPIO_Port'
       {"Right",TRIGR_GPIO_Port,TRIGR_Pin,ECHOR_GPIO_Port,ECHOR_Pin,0,0.0},
                                          ^~~~~~~~~~~~~~~
../Drivers/CMSIS/Device/ST/STM32F4xx/Include/stm32f405xx.h:1003:29: warning: initialization makes integer from pointer without a cast [-Wint-conversion]
 #define GPIOC               ((GPIO_TypeDef *) GPIOC_BASE)
                             ^
../Core/Inc/main.h:108:28: note: in expansion of macro 'GPIOC'
 #define TRIG_CTR_GPIO_Port GPIOC
                            ^~~~~
../App/Scr/app_main.c:71:17: note: in expansion of macro 'TRIG_CTR_GPIO_Port'
       {"Center",TRIG_CTR_GPIO_Port,TRIG_CTR_Pin,ECHO_CTR_GPIO_Port,ECHO_CTR_Pin,0,0.0}};
                 ^~~~~~~~~~~~~~~~~~
../Drivers/CMSIS/Device/ST/STM32F4xx/Include/stm32f405xx.h:1003:29: note: (near initialization for 'SONARS[2].trig_port')
 #define GPIOC               ((GPIO_TypeDef *) GPIOC_BASE)
                             ^
../Core/Inc/main.h:108:28: note: in expansion of macro 'GPIOC'
 #define TRIG_CTR_GPIO_Port GPIOC
                            ^~~~~
../App/Scr/app_main.c:71:17: note: in expansion of macro 'TRIG_CTR_GPIO_Port'
       {"Center",TRIG_CTR_GPIO_Port,TRIG_CTR_Pin,ECHO_CTR_GPIO_Port,ECHO_CTR_Pin,0,0.0}};
                 ^~~~~~~~~~~~~~~~~~
../Drivers/CMSIS/Device/ST/STM32F4xx/Include/stm32f405xx.h:1003:29: warning: initialization makes integer from pointer without a cast [-Wint-conversion]
 #define GPIOC               ((GPIO_TypeDef *) GPIOC_BASE)
                             ^
../Core/Inc/main.h:105:28: note: in expansion of macro 'GPIOC'
 #define ECHO_CTR_GPIO_Port GPIOC
                            ^~~~~
../App/Scr/app_main.c:71:49: note: in expansion of macro 'ECHO_CTR_GPIO_Port'
       {"Center",TRIG_CTR_GPIO_Port,TRIG_CTR_Pin,ECHO_CTR_GPIO_Port,ECHO_CTR_Pin,0,0.0}};
                                                 ^~~~~~~~~~~~~~~~~~
../Drivers/CMSIS/Device/ST/STM32F4xx/Include/stm32f405xx.h:1003:29: note: (near initialization for 'SONARS[2].echo_port')
 #define GPIOC               ((GPIO_TypeDef *) GPIOC_BASE)
                             ^
../Core/Inc/main.h:105:28: note: in expansion of macro 'GPIOC'
 #define ECHO_CTR_GPIO_Port GPIOC
                            ^~~~~
../App/Scr/app_main.c:71:49: note: in expansion of macro 'ECHO_CTR_GPIO_Port'
       {"Center",TRIG_CTR_GPIO_Port,TRIG_CTR_Pin,ECHO_CTR_GPIO_Port,ECHO_CTR_Pin,0,0.0}};
                                                 ^~~~~~~~~~~~~~~~~~
../App/Scr/app_main.c: In function 'appMain':
../App/Scr/app_main.c:235:27: warning: format '%ld' expects argument of type 'long int', but argument 3 has type 'double' [-Wformat=]
     sprintf(updatescr, "%ld",duty_l); //this is used to convert to the char array position[10]
                         ~~^
                         %f
../App/Scr/app_main.c:238:27: warning: format '%ld' expects argument of type 'long int', but argument 3 has type 'double' [-Wformat=]
     sprintf(updatescr, "%ld",duty_r); //this is used to convert to the char array position[10]
                         ~~^
                         %f
../App/Scr/app_main.c:241:27: warning: format '%ld' expects argument of type 'long int', but argument 3 has type 'double' [-Wformat=]
     sprintf(updatescr, "%ld",speed_l); //this is used to convert to the char array position[10]
                         ~~^
                         %f
../App/Scr/app_main.c:244:27: warning: format '%ld' expects argument of type 'long int', but argument 3 has type 'double' [-Wformat=]
     sprintf(updatescr, "%ld",speed_r); //this is used to convert to the char array position[10]
                         ~~^
                         %f
arm-none-eabi-gcc -o "STM32F4-Romi-V0.1.elf" @"objects.list"   -mcpu=cortex-m4 -T"C:\github\STM32-ROMI\Code\STM32F405RG\STM32F4-Romi-V0.1\STM32F405RGTX_FLASH.ld" --specs=nosys.specs -Wl,-Map="STM32F4-Romi-V0.1.map" -Wl,--gc-sections -static --specs=nano.specs -mfpu=fpv4-sp-d16 -mfloat-abi=hard -mthumb -u _printf_float -Wl,--start-group -lc -lm -Wl,--end-group
Finished building target: STM32F4-Romi-V0.1.elf
 
arm-none-eabi-objdump -h -S  STM32F4-Romi-V0.1.elf  > "STM32F4-Romi-V0.1.list"
arm-none-eabi-objcopy  -O binary  STM32F4-Romi-V0.1.elf  "STM32F4-Romi-V0.1.bin"
arm-none-eabi-size   STM32F4-Romi-V0.1.elf 
   text	   data	    bss	    dec	    hex	filename
  46356	    680	   3624	  50660	   c5e4	STM32F4-Romi-V0.1.elf
Finished building: default.size.stdout
 
Finished building: STM32F4-Romi-V0.1.bin
 
Finished building: STM32F4-Romi-V0.1.list
 
20:09:07 **** Incremental Build of configuration Debug for project STM32F4-Romi-V0.1 ****
make -j8 all 
arm-none-eabi-size   STM32F4-Romi-V0.1.elf 
   text	   data	    bss	    dec	    hex	filename
  46356	    680	   3624	  50660	   c5e4	STM32F4-Romi-V0.1.elf
Finished building: default.size.stdout
 
