19:36:53 **** Incremental Build of configuration Debug for project RTC_TimeDate_Romi ****
make -j8 all 
arm-none-eabi-gcc -o "RTC_TimeDate_Romi.elf" @"objects.list"   -mcpu=cortex-m4 -T"C:\github\STM32-ROMI\Code\STM32F405RG\CodeBlocks\Time_Romi\STM32F405RGTX_FLASH.ld" --specs=nosys.specs -Wl,-Map="RTC_TimeDate_Romi.map" -Wl,--gc-sections -static --specs=nano.specs -mfpu=fpv4-sp-d16 -mfloat-abi=hard -mthumb -u _printf_float -Wl,--start-group -lc -lm -Wl,--end-group
Finished building target: RTC_TimeDate_Romi.elf
 
arm-none-eabi-objdump -h -S  RTC_TimeDate_Romi.elf  > "RTC_TimeDate_Romi.list"
arm-none-eabi-objcopy  -O binary  RTC_TimeDate_Romi.elf  "RTC_TimeDate_Romi.bin"
arm-none-eabi-size   RTC_TimeDate_Romi.elf 
   text	   data	    bss	    dec	    hex	filename
  46632	    492	   3772	  50896	   c6d0	RTC_TimeDate_Romi.elf
Finished building: default.size.stdout
 
Finished building: RTC_TimeDate_Romi.bin
 
Finished building: RTC_TimeDate_Romi.list
 

19:36:53 Build Finished. 0 errors, 0 warnings. (took 882ms)

