22:10:25 **** Incremental Build of configuration Debug for project STM32F4-Romi-V0.1 ****
make -j8 all 
arm-none-eabi-gcc "../App/Scr/sonar.c" -mcpu=cortex-m4 -std=gnu11 -g3 -DSTM32F405xx -DUSE_HAL_DRIVER -DDEBUG -c -I../Drivers/CMSIS/Include -I../Drivers/STM32F4xx_HAL_Driver/Inc -I../Core/Inc -I../Drivers/CMSIS/Device/ST/STM32F4xx/Include -I../App/Inc -I../Drivers/STM32F4xx_HAL_Driver/Inc/Legacy -O0 -ffunction-sections -fdata-sections -Wall -fstack-usage -MMD -MP -MF"App/Scr/sonar.d" -MT"App/Scr/sonar.o" --specs=nano.specs -mfpu=fpv4-sp-d16 -mfloat-abi=hard -mthumb -o "App/Scr/sonar.o"
../App/Scr/sonar.c: In function 'checkSonar':
../App/Scr/sonar.c:22:20: warning: passing argument 1 of 'HAL_GPIO_WritePin' makes pointer from integer without a cast [-Wint-conversion]
  HAL_GPIO_WritePin(sonar->trig_port,sonar->trig_pin,RESET); //Set the Trigger pin low
                    ^~~~~
In file included from ../Core/Inc/stm32f4xx_hal_conf.h:276:0,
                 from ../Drivers/STM32F4xx_HAL_Driver/Inc/stm32f4xx_hal.h:30,
                 from ../Core/Inc/main.h:31,
                 from ../Core/Inc/tim.h:27,
                 from ../App/Inc/sonar.h:19,
                 from ../App/Scr/sonar.c:9:
../Drivers/STM32F4xx_HAL_Driver/Inc/stm32f4xx_hal_gpio.h:236:6: note: expected 'GPIO_TypeDef * {aka struct <anonymous> *}' but argument is of type 'uint32_t {aka long unsigned int}'
 void HAL_GPIO_WritePin(GPIO_TypeDef* GPIOx, uint16_t GPIO_Pin, GPIO_PinState PinState);
      ^~~~~~~~~~~~~~~~~
../App/Scr/sonar.c:23:20: warning: passing argument 1 of 'HAL_GPIO_WritePin' makes pointer from integer without a cast [-Wint-conversion]
  HAL_GPIO_WritePin(sonar->trig_port,sonar->trig_pin,SET);//keep high for 10uS
                    ^~~~~
In file included from ../Core/Inc/stm32f4xx_hal_conf.h:276:0,
                 from ../Drivers/STM32F4xx_HAL_Driver/Inc/stm32f4xx_hal.h:30,
                 from ../Core/Inc/main.h:31,
                 from ../Core/Inc/tim.h:27,
                 from ../App/Inc/sonar.h:19,
                 from ../App/Scr/sonar.c:9:
../Drivers/STM32F4xx_HAL_Driver/Inc/stm32f4xx_hal_gpio.h:236:6: note: expected 'GPIO_TypeDef * {aka struct <anonymous> *}' but argument is of type 'uint32_t {aka long unsigned int}'
 void HAL_GPIO_WritePin(GPIO_TypeDef* GPIOx, uint16_t GPIO_Pin, GPIO_PinState PinState);
      ^~~~~~~~~~~~~~~~~
../App/Scr/sonar.c:33:20: warning: passing argument 1 of 'HAL_GPIO_WritePin' makes pointer from integer without a cast [-Wint-conversion]
  HAL_GPIO_WritePin(sonar->trig_port,sonar->trig_pin,RESET);//Set to low again to start reading
                    ^~~~~
In file included from ../Core/Inc/stm32f4xx_hal_conf.h:276:0,
                 from ../Drivers/STM32F4xx_HAL_Driver/Inc/stm32f4xx_hal.h:30,
                 from ../Core/Inc/main.h:31,
                 from ../Core/Inc/tim.h:27,
                 from ../App/Inc/sonar.h:19,
                 from ../App/Scr/sonar.c:9:
../Drivers/STM32F4xx_HAL_Driver/Inc/stm32f4xx_hal_gpio.h:236:6: note: expected 'GPIO_TypeDef * {aka struct <anonymous> *}' but argument is of type 'uint32_t {aka long unsigned int}'
 void HAL_GPIO_WritePin(GPIO_TypeDef* GPIOx, uint16_t GPIO_Pin, GPIO_PinState PinState);
      ^~~~~~~~~~~~~~~~~
../App/Scr/sonar.c: In function 'updateSonar':
../App/Scr/sonar.c:42:23: warning: format '%d' expects argument of type 'int', but argument 2 has type 'uint32_t {aka long unsigned int}' [-Wformat=]
  printf("Sonar tick: %d \t Sonar tock: %d\n\r",sonar->tick,sonar->tock);
                      ~^                        ~~~~~~~~~~~
                      %ld
../App/Scr/sonar.c:42:41: warning: format '%d' expects argument of type 'int', but argument 3 has type 'uint32_t {aka long unsigned int}' [-Wformat=]
  printf("Sonar tick: %d \t Sonar tock: %d\n\r",sonar->tick,sonar->tock);
                                        ~^                  ~~~~~~~~~~~
                                        %ld
../App/Scr/sonar.c:43:11: warning: format '%c' expects argument of type 'int', but argument 2 has type 'char *' [-Wformat=]
  printf("%c Sonar Distance (cm): %f\n\n\r",sonar->sonar_ch,sonar->distance);
          ~^                                ~~~~~~~~~~~~~~~
          %s
../App/Scr/sonar.c: In function 'sonarISR':
../App/Scr/sonar.c:53:14: warning: passing argument 1 of 'updateSonar' from incompatible pointer type [-Wincompatible-pointer-types]
  updateSonar(sonar->sonar_ch);
              ^~~~~
../App/Scr/sonar.c:38:6: note: expected 'SONAR_STATUS * {aka struct SONAR_t *}' but argument is of type 'char *'
 void updateSonar(SONAR_STATUS *sonar){
      ^~~~~~~~~~~
arm-none-eabi-gcc -o "STM32F4-Romi-V0.1.elf" @"objects.list"   -mcpu=cortex-m4 -T"C:\github\STM32-ROMI\Code\STM32F405RG\STM32F4-Romi-V0.1\STM32F405RGTX_FLASH.ld" --specs=nosys.specs -Wl,-Map="STM32F4-Romi-V0.1.map" -Wl,--gc-sections -static --specs=nano.specs -mfpu=fpv4-sp-d16 -mfloat-abi=hard -mthumb -u _printf_float -Wl,--start-group -lc -lm -Wl,--end-group
Finished building target: STM32F4-Romi-V0.1.elf
 
arm-none-eabi-objdump -h -S  STM32F4-Romi-V0.1.elf  > "STM32F4-Romi-V0.1.list"
arm-none-eabi-objcopy  -O binary  STM32F4-Romi-V0.1.elf  "STM32F4-Romi-V0.1.bin"
arm-none-eabi-size   STM32F4-Romi-V0.1.elf 
   text	   data	    bss	    dec	    hex	filename
  50444	    736	   3720	  54900	   d674	STM32F4-Romi-V0.1.elf
Finished building: default.size.stdout
 
Finished building: STM32F4-Romi-V0.1.bin
 
Finished building: STM32F4-Romi-V0.1.list
 

22:10:26 Build Finished. 0 errors, 7 warnings. (took 1s.281ms)

