main.c:118:5:main	8	static
main.c:180:6:SystemClock_Config	88	static
main.c:224:13:MX_ADC1_Init	24	static
main.c:274:13:MX_CAN1_Init	8	static
main.c:311:13:MX_DAC_Init	16	static
main.c:349:13:MX_I2C1_Init	8	static
main.c:383:13:MX_I2C3_Init	8	static
main.c:417:13:MX_SPI1_Init	8	static
main.c:455:13:MX_TIM2_Init	32	static
main.c:507:13:MX_TIM3_Init	32	static
main.c:559:13:MX_TIM4_Init	64	static
main.c:618:13:MX_TIM5_Init	64	static
main.c:677:13:MX_TIM6_Init	16	static
main.c:715:13:MX_TIM9_Init	24	static
main.c:753:13:MX_TIM11_Init	40	static
main.c:799:13:MX_TIM12_Init	40	static
main.c:841:13:MX_USART2_UART_Init	8	static
main.c:874:13:MX_USART3_UART_Init	8	static
main.c:907:13:MX_GPIO_Init	48	static
main.c:984:5:__io_putchar	24	static
main.c:992:5:__io_getchar	24	static
main.c:1006:5:_read	32	static
main.c:1027:6:Error_Handler	4	static
