main.c:105:5:main	8	static
main.c:164:6:SystemClock_Config	88	static
main.c:208:13:MX_ADC1_Init	24	static
main.c:258:13:MX_CAN1_Init	8	static
main.c:295:13:MX_DAC_Init	16	static
main.c:333:13:MX_I2C1_Init	8	static
main.c:367:13:MX_I2C3_Init	8	static
main.c:401:13:MX_SPI1_Init	8	static
main.c:439:13:MX_TIM2_Init	32	static
main.c:491:13:MX_TIM3_Init	32	static
main.c:543:13:MX_TIM4_Init	64	static
main.c:602:13:MX_TIM5_Init	64	static
main.c:661:13:MX_TIM6_Init	16	static
main.c:699:13:MX_TIM9_Init	24	static
main.c:737:13:MX_TIM11_Init	40	static
main.c:783:13:MX_TIM12_Init	40	static
main.c:825:13:MX_USART2_UART_Init	8	static
main.c:858:13:MX_USART3_UART_Init	8	static
main.c:891:13:MX_GPIO_Init	48	static
main.c:973:6:Error_Handler	4	static
